2019-05-29 04:04:17.583:  
2019-05-29 04:04:17.584:   ets Jan  8 2013,rst cause:2, boot mode:(3,6)
2019-05-29 04:04:17.589:  
2019-05-29 04:04:17.605:  load 0x40100000, len 7196, room 16 
2019-05-29 04:04:17.687:  tail 12
2019-05-29 04:04:17.687:  chksum 0x23
2019-05-29 04:04:17.687:  ho 0 tail 12 room 4
2019-05-29 04:04:17.687:  load 0x3ffe8408, len 24, room 12 
2019-05-29 04:04:17.689:  tail 12
2019-05-29 04:04:17.689:  chksum 0x9a
2019-05-29 04:04:17.689:  ho 0 tail 12 room 4
2019-05-29 04:04:17.689:  load 0xder[0m
2019-05-29 04:04:17.690:  [0;32mI (65) boot: compile time 23:15:36[0m
2019-05-29 04:04:17.690:  [0;32mI (74) qio_mode: Enabling default flash chip QIO[0m
2019-05-29 04:04:17.691:  [0;32mI (74) boot: SPI Speed      : 40MHz[0m
2019-05-29 04:04:17.693:  [0;32mI (79) boot: SPI Mode       : QIO[0m
2019-05-29 04:04:17.693:  [0;32mI (85) boot: SPI Flash Size : 1MB[0m
2019-05-29 04:04:17.694:  [0;32mI (91) boot: Partition Table:[0m
2019-05-29 04:04:17.694:  [0;32mI (97) boot: ## Label            Usage          Type ST Offset   Length[0m
2019-05-29 04:04:17.701:  [0;32mI (108) boot:  0 nvs              WiFi data        01 02 00009000 00006000[0m
2019-05-29 04:04:17.715:  [0;32mI (120) boot:  1 phy_init         RF data          01 01 0000f000 00001000[0m
2019-05-29 04:04:17.728:  [0;32mI (131) boot:  2 factory          factory app      00 00 00010000 000f0000[0m
2019-05-29 04:04:17.739:  [0;32mI (143) boot: End of partition table[0m
2019-05-29 04:04:17.744:  [0;32mI (149) esp_image: segment 0: paddr=0x00010010 vaddr=0x40210010 size=0x82778 (534392) map[0m
2019-05-29 04:04:17.925:  [0;32mI (342) esp_image: segment 1: paddr=0x00092790 vaddr=0x3ffe8000 size=0x00840 (  2112) load[0m
2019-05-29 04:04:17.938:  [0;32mI (344) esp_image: segment 2: paddr=0x00092fd8 vaddr=0x3ffe8840 size=0x0011c (   284) load[0m
2019-05-29 04:04:17.952:  [0;32mI (354) esp_image: segment 3: paddr=0x000930fc vaddr=0x40100000 size=0x07694 ( 30356) load[0m
2019-05-29 04:04:17.977:  [0;32mI (377) boot: Loaded app from partition at offset 0x10000[0m
2019-05-29 04:04:18.010:  [0;32mI (425) system_api: Base MAC address is not set, read default base MAC address from BLK0 of EFUSE[0m
2019-05-29 04:04:18.024:  [0;32mI (435) system_api: Base MAC address is not set, read default base MAC address from BLK0 of EFUSE[0m
2019-05-29 04:04:18.246:  [0;32mI (655) reset_reason: RTC reset 2 wakeup 0 store 0, reason is 2[0m
2019-05-29 04:04:18.256:  [0;32mI (655) app main: IDF version: v3.1-52-g4329d68[0m
2019-05-29 04:04:18.265:  [0;32mI (655) app main: esp-aliyun verison: 822eb00-dirty[0m
2019-05-29 04:04:18.272:  [0;32mI (665) app main: iotkit-embedded version: 822eb00-dirty[0m
2019-05-29 04:04:18.285:  [0;32mI (685) app main: Setting WiFi configuration SSID Tenda_412720...[0m
2019-05-29 04:04:18.290:  mode : sta(84:f3:eb:0e:f5:0b)
2019-05-29 04:04:18.294:  add if0
2019-05-29 04:04:18.297:  [0;32mI (695) app main: wait wifi connect...[0m
2019-05-29 04:04:20.706:  scandone
2019-05-29 04:04:23.134:  scandone
2019-05-29 04:04:25.560:  scandone
2019-05-29 04:04:27.989:  scandone
2019-05-29 04:04:30.412:  scandone
2019-05-29 04:04:32.840:  scandone
2019-05-29 04:04:35.266:  scandone
2019-05-29 04:04:37.693:  scandone
2019-05-29 04:04:40.120:  scandone
2019-05-29 04:04:42.545:  scandone
2019-05-29 04:04:44.973:  scandone
2019-05-29 04:04:47.399:  scandone
2019-05-29 04:04:49.825:  scandone
2019-05-29 04:04:52.252:  scandone
2019-05-29 04:04:54.679:  scandone
2019-05-29 04:04:57.105:  scandone
2019-05-29 04:04:59.531:  scandone
2019-05-29 04:05:01.957:  scandone
2019-05-29 04:05:04.384:  scandone
2019-05-29 04:05:06.810:  scandone
2019-05-29 04:05:09.237:  scandone
2019-05-29 04:05:11.663:  scandone
2019-05-29 04:05:14.089:  scandone
2019-05-29 04:05:16.516:  scandone
2019-05-29 04:05:18.942:  scandone
2019-05-29 04:05:21.368:  scandone
2019-05-29 04:05:23.794:  scandone
2019-05-29 04:05:26.221:  scandone
2019-05-29 04:05:28.648:  scandone
2019-05-29 04:05:31.074:  scandone
2019-05-29 04:05:33.500:  scandone
2019-05-29 04:05:35.929:  scandone
