2019-05-29 02:20:33.589:  
2019-05-29 02:20:33.590:   ets Jan  8 2013,rst cause:2, boot mode:(3,6)
2019-05-29 02:20:33.592:  
2019-05-29 02:20:33.609:  load 0x40100000, len 7196, room 16 
2019-05-29 02:20:33.636:  tail 12
2019-05-29 02:20:33.637:  chksum 0x23
2019-05-29 02:20:33.637:  ho 0 tail 12 room 4
2019-05-29 02:20:33.637:  load 0x3ffe8408, len 24, room 12 
2019-05-29 02:20:33.638:  tail 12
2019-05-29 02:20:33.638:  chksum 0x9a
2019-05-29 02:20:33.639:  ho 0 tail 12 room 4
2019-05-29 02:20:33.640:  load 0x3ffe8420, len 3544, room 12 
2019-05-29 02:20:33.647:  tail 12
2019-05-29 02:20:33.648:  chksum 0xad
2019-05-29 02:20:33.648:  csum 0xad[0;32mI (65) boot: ESP-IDF v3.1-52-g4329d68 2nd stage bootloader[0m
2019-05-29 02:20:33.659:  [0;32mI (65) boot: compile time 23:15:36[0m
2019-05-29 02:20:33.663:  [0;32mI (75) qio_mode: Enabling default flash chip QIO[0m
2019-05-29 02:20:33.671:  [0;32mI (75) boot: SPI Speed      : 40MHz[0m
2019-05-29 02:20:33.680:  [0;32mI (79) boot: SPI Mode       : QIO[0m
2019-05-29 02:20:33.684:  [0;32mI (86) boot: SPI Flash Size : 1MB[0m
2019-05-29 02:20:33.689:  [0;32mI (92) boot: Partition Table:[0m
2019-05-29 02:20:33.697:  [0;32mI (97) boot: ## Label            Usage          Type ST Offset   Length[0m
2019-05-29 02:20:33.705:  [0;32mI (108) boot:  0 nvs              WiFi data        01 02 00009000 00006000[0m
2019-05-29 02:20:33.718:  [0;32mI (120) boot:  1 phy_init         RF data          01 01 0000f000 00001000[0m
2019-05-29 02:20:33.731:  [0;32mI (132) boot:  2 factory          factory app      00 00 00010000 000f0000[0m
2019-05-29 02:20:33.744:  [0;32mI (143) boot: End of partition table[0m
2019-05-29 02:20:33.748:  [0;32mI (150) esp_image: segment 0: paddr=0x00010010 vaddr=0x40210010 size=0x82718 (534296) map[0m
2019-05-29 02:20:33.928:  [0;32mI (343) esp_image: segment 1: paddr=0x00092730 vaddr=0x3ffe8000 size=0x00840 (  2112) load[0m
2019-05-29 02:20:33.943:  [0;32mI (344) esp_image: segment 2: paddr=0x00092f78 vaddr=0x3ffe8840 size=0x0011c (   284) load[0m
2019-05-29 02:20:33.954:  [0;32mI (354) esp_image: segment 3: paddr=0x0009309c vaddr=0x40100000 size=0x07570 ( 30064) load[0m
2019-05-29 02:20:33.984:  [0;32mI (377) boot: Loaded app from partition at offset 0x10000[0m
2019-05-29 02:20:34.014:  [0;32mI (425) system_api: Base MAC address is not set, read default base MAC address from BLK0 of EFUSE[0m
2019-05-29 02:20:34.027:  [0;32mI (435) system_api: Base MAC address is not set, read default base MAC address from BLK0 of EFUSE[0m
